2026-07-01 11:15:24 - INFO: Source:        https://gkhlab.gitlab.io/tcr/sequences
2026-07-01 11:15:24 - INFO: Out directory: /Users/uqztuong/Documents/GitHub/dandelion/container/database
2026-07-01 11:15:24 - INFO: Download date: 2026-07-01
2026-07-01 11:15:24 - INFO: Species: human (TCR VDJ only)
2026-07-01 11:15:24 - INFO: --- Downloading GKHlab TCR germline sequences ---
2026-07-01 11:15:24 - INFO: Downloading TRAV.fasta ...
2026-07-01 11:15:26 - INFO: Adding IMGT gaps to sequences in TRAV.fasta
2026-07-01 11:15:26 - INFO: Warning: reference sequence U32544|TRAV1-2*02|Homo_sapiens|[F]|V-REGION|302..477|176: Sequence truncated before second cysteine (if you don't want to use this as a reference sequence, please remove it from the file)
Warning: reference sequence L11162|TRAV13-1*03|Homo_sapiens|[F]|V-REGION|222..455|234: Sequence truncated before second cysteine (if you don't want to use this as a reference sequence, please remove it from the file)
Warning: reference sequence L09758|TRAV14/DV4*04|Homo_sapiens|[F]|V-REGION|1..271|271: Sequence truncated before second cysteine (if you don't want to use this as a reference sequence, please remove it from the file)
Warning: reference sequence L11160|TRAV26-2*02|Homo_sapiens|[F]|V-REGION|509..725|217: Sequence truncated before second cysteine (if you don't want to use this as a reference sequence, please remove it from the file)
Warning: reference sequence U32537|TRAV30*04|Homo_sapiens|[F]|V-REGION|256..485|230: Sequence truncated before second cysteine (if you don't want to use this as a reference sequence, please remove it from the file)
Removing IMGT000024|TRAV35*03|Homo_sapiens|P|V-REGION|610297..610572|276 from reference: Stop codon in V-REGION before 2nd cysteine
Warning: reference sequence U32542|TRAV6*06|Homo_sapiens|[F]|V-REGION|174..390|217: Sequence truncated before second cysteine (if you don't want to use this as a reference sequence, please remove it from the file)
Warning: reference sequence U32520|TRAV8-1*02|Homo_sapiens|[F]|V-REGION|122..371|250: Sequence truncated before second cysteine (if you don't want to use this as a reference sequence, please remove it from the file)
Removing K02777|TRAV8-4*06|Homo_sapiens|(F)|V-REGION|1..218|218 from reference: First cysteine not found
Removing M17665|TRAV8-4*07|Homo_sapiens|(F)|V-REGION|1..197|197 from reference: First cysteine not found
TRAV36/DV7*04_S6645: First cysteine not found
TRAV12-2*01_S6840: Conserved Trp not found
TRAV19*01_S1366: Stop codon in V-REGION before 2nd cysteine
TRAV34*01_S2006: Stop codon in V-REGION before 2nd cysteine
TRAV1-2*03_S6094: Stop codon in V-REGION before 2nd cysteine, Second cysteine not found

2026-07-01 11:15:26 - INFO: Saved TRAV.fasta (135 sequences).
2026-07-01 11:15:26 - INFO: Downloading TRAJ.fasta ...
2026-07-01 11:15:27 - INFO: Adding IMGT gaps to sequences in TRAJ.fasta
2026-07-01 11:15:27 - INFO: Warning: reference sequence X02884|TRAJ1*01|Homo_sapiens|ORF|J-REGION|2363..2424|62: Sequence truncated before second cysteine (if you don't want to use this as a reference sequence, please remove it from the file)
Warning: reference sequence M94081|TRAJ10*01|Homo_sapiens|F|J-REGION|73699..73762|64: Sequence truncated before second cysteine (if you don't want to use this as a reference sequence, please remove it from the file)
Warning: reference sequence M94081|TRAJ11*01|Homo_sapiens|F|J-REGION|72706..72765|60: Sequence truncated before second cysteine (if you don't want to use this as a reference sequence, please remove it from the file)
Warning: reference sequence X02885|TRAJ12*01|Homo_sapiens|F|J-REGION|53..112|60: Sequence truncated before second cysteine (if you don't want to use this as a reference sequence, please remove it from the file)
Warning: reference sequence M94081|TRAJ13*01|Homo_sapiens|F|J-REGION|71280..71342|63: Sequence truncated before second cysteine (if you don't want to use this as a reference sequence, please remove it from the file)
Warning: reference sequence AB258131|TRAJ13*02|Homo_sapiens|F|J-REGION|101..163|63: Sequence truncated before second cysteine (if you don't want to use this as a reference sequence, please remove it from the file)
Warning: reference sequence M94081|TRAJ14*01|Homo_sapiens|F|J-REGION|70532..70583|52: Sequence truncated before second cysteine (if you don't want to use this as a reference sequence, please remove it from the file)
Warning: reference sequence X05775|TRAJ15*01|Homo_sapiens|F|J-REGION|80..139|60: Sequence truncated before second cysteine (if you don't want to use this as a reference sequence, please remove it from the file)
Warning: reference sequence M94081|TRAJ15*02|Homo_sapiens|F|J-REGION|69836..69895|60: Sequence truncated before second cysteine (if you don't want to use this as a reference sequence, please remove it from the file)
Warning: reference sequence M94081|TRAJ16*01|Homo_sapiens|F|J-REGION|68743..68802|60: Sequence truncated before second cysteine (if you don't want to use this as a reference sequence, please remove it from the file)
Warning: reference sequence IMGT000024|TRAJ16*02|Homo_sapiens|F|J-REGION|916624..916683|60: Sequence truncated before second cysteine (if you don't want to use this as a reference sequence, please remove it from the file)
Warning: reference sequence X05773|TRAJ17*01|Homo_sapiens|F|J-REGION|173..235|63: Sequence truncated before second cysteine (if you don't want to use this as a reference sequence, please remove it from the file)
Warning: reference sequence M94081|TRAJ18*01|Homo_sapiens|F|J-REGION|65876..65941|66: Sequence truncated before second cysteine (if you don't want to use this as a reference sequence, please remove it from the file)
Warning: reference sequence M94081|TRAJ19*01|Homo_sapiens|ORF|J-REGION|65489..65548|60: Sequence truncated before second cysteine (if you don't want to use this as a reference sequence, please remove it from the file)
Warning: reference sequence X02884|TRAJ2*01|Homo_sapiens|ORF|J-REGION|1397..1462|66: Sequence truncated before second cysteine (if you don't want to use this as a reference sequence, please remove it from the file)
Warning: reference sequence M94081|TRAJ20*01|Homo_sapiens|F|J-REGION|64552..64608|57: Sequence truncated before second cysteine (if you don't want to use this as a reference sequence, please remove it from the file)
Warning: reference sequence M94081|TRAJ21*01|Homo_sapiens|F|J-REGION|63829..63883|55: Sequence truncated before second cysteine (if you don't want to use this as a reference sequence, please remove it from the file)
Warning: reference sequence X02886|TRAJ22*01|Homo_sapiens|F|J-REGION|405..467|63: Sequence truncated before second cysteine (if you don't want to use this as a reference sequence, please remove it from the file)
Warning: reference sequence M94081|TRAJ23*01|Homo_sapiens|F|J-REGION|60650..60712|63: Sequence truncated before second cysteine (if you don't want to use this as a reference sequence, please remove it from the file)
Warning: reference sequence X58763|TRAJ23*02|Homo_sapiens|F|J-REGION|61..123|63: Sequence truncated before second cysteine (if you don't want to use this as a reference sequence, please remove it from the file)
Warning: reference sequence X02887|TRAJ24*01|Homo_sapiens|F|J-REGION|124..186|63: Sequence truncated before second cysteine (if you don't want to use this as a reference sequence, please remove it from the file)
Warning: reference sequence M94081|TRAJ24*02|Homo_sapiens|F|J-REGION|60203..60265|63: Sequence truncated before second cysteine (if you don't want to use this as a reference sequence, please remove it from the file)
Warning: reference sequence IMGT000024|TRAJ24*03|Homo_sapiens|F|J-REGION|908066..908128|63: Sequence truncated before second cysteine (if you don't want to use this as a reference sequence, please remove it from the file)
Warning: reference sequence X02888|TRAJ25*01|Homo_sapiens|ORF|J-REGION|35..94|60: Sequence truncated before second cysteine (if you don't want to use this as a reference sequence, please remove it from the file)
Warning: reference sequence M94081|TRAJ26*01|Homo_sapiens|F|J-REGION|58680..58739|60: Sequence truncated before second cysteine (if you don't want to use this as a reference sequence, please remove it from the file)
Warning: reference sequence M94081|TRAJ27*01|Homo_sapiens|F|J-REGION|56507..56565|59: Sequence truncated before second cysteine (if you don't want to use this as a reference sequence, please remove it from the file)
Warning: reference sequence M94081|TRAJ28*01|Homo_sapiens|F|J-REGION|55857..55922|66: Sequence truncated before second cysteine (if you don't want to use this as a reference sequence, please remove it from the file)
Warning: reference sequence M94081|TRAJ29*01|Homo_sapiens|F|J-REGION|54177..54236|60: Sequence truncated before second cysteine (if you don't want to use this as a reference sequence, please remove it from the file)
Warning: reference sequence X02884|TRAJ3*01|Homo_sapiens|F|J-REGION|504..565|62: Sequence truncated before second cysteine (if you don't want to use this as a reference sequence, please remove it from the file)
Warning: reference sequence M94081|TRAJ30*01|Homo_sapiens|F|J-REGION|53090..53146|57: Sequence truncated before second cysteine (if you don't want to use this as a reference sequence, please remove it from the file)
Warning: reference sequence M94081|TRAJ31*01|Homo_sapiens|F|J-REGION|51207..51263|57: Sequence truncated before second cysteine (if you don't want to use this as a reference sequence, please remove it from the file)
Warning: reference sequence M94081|TRAJ32*01|Homo_sapiens|F|J-REGION|49581..49646|66: Sequence truncated before second cysteine (if you don't want to use this as a reference sequence, please remove it from the file)
Warning: reference sequence IMGT000024|TRAJ32*02|Homo_sapiens|F|J-REGION|897438..897503|66: Sequence truncated before second cysteine (if you don't want to use this as a reference sequence, please remove it from the file)
Warning: reference sequence M94081|TRAJ33*01|Homo_sapiens|F|J-REGION|48843..48899|57: Sequence truncated before second cysteine (if you don't want to use this as a reference sequence, please remove it from the file)
Warning: reference sequence M35622|TRAJ34*01|Homo_sapiens|F|J-REGION|30..87|58: Sequence truncated before second cysteine (if you don't want to use this as a reference sequence, please remove it from the file)
Warning: reference sequence M94081|TRAJ35*01|Homo_sapiens|F|J-REGION|46885..46943|59: Sequence truncated before second cysteine (if you don't want to use this as a reference sequence, please remove it from the file)
Warning: reference sequence M94081|TRAJ36*01|Homo_sapiens|F|J-REGION|45353..45411|59: Sequence truncated before second cysteine (if you don't want to use this as a reference sequence, please remove it from the file)
Warning: reference sequence M94081|TRAJ37*01|Homo_sapiens|F|J-REGION|43993..44054|62: Sequence truncated before second cysteine (if you don't want to use this as a reference sequence, please remove it from the file)
Warning: reference sequence IMGT000024|TRAJ37*02|Homo_sapiens|F|J-REGION|891847..891908|62: Sequence truncated before second cysteine (if you don't want to use this as a reference sequence, please remove it from the file)
Warning: reference sequence M94081|TRAJ38*01|Homo_sapiens|F|J-REGION|42473..42534|62: Sequence truncated before second cysteine (if you don't want to use this as a reference sequence, please remove it from the file)
Warning: reference sequence M94081|TRAJ39*01|Homo_sapiens|F|J-REGION|41843..41905|63: Sequence truncated before second cysteine (if you don't want to use this as a reference sequence, please remove it from the file)
Warning: reference sequence M94081|TRAJ4*01|Homo_sapiens|F|J-REGION|82396..82458|63: Sequence truncated before second cysteine (if you don't want to use this as a reference sequence, please remove it from the file)
Warning: reference sequence M35620|TRAJ40*01|Homo_sapiens|F|J-REGION|35..95|61: Sequence truncated before second cysteine (if you don't want to use this as a reference sequence, please remove it from the file)
Warning: reference sequence M94081|TRAJ41*01|Homo_sapiens|F|J-REGION|37900..37961|62: Sequence truncated before second cysteine (if you don't want to use this as a reference sequence, please remove it from the file)
Warning: reference sequence M94081|TRAJ42*01|Homo_sapiens|F|J-REGION|37130..37195|66: Sequence truncated before second cysteine (if you don't want to use this as a reference sequence, please remove it from the file)
Warning: reference sequence M94081|TRAJ43*01|Homo_sapiens|F|J-REGION|36154..36207|54: Sequence truncated before second cysteine (if you don't want to use this as a reference sequence, please remove it from the file)
Warning: reference sequence M35619|TRAJ44*01|Homo_sapiens|F|J-REGION|30..92|63: Sequence truncated before second cysteine (if you don't want to use this as a reference sequence, please remove it from the file)
Warning: reference sequence M94081|TRAJ45*01|Homo_sapiens|F|J-REGION|34169..34234|66: Sequence truncated before second cysteine (if you don't want to use this as a reference sequence, please remove it from the file)
Warning: reference sequence M94081|TRAJ46*01|Homo_sapiens|F|J-REGION|33647..33709|63: Sequence truncated before second cysteine (if you don't want to use this as a reference sequence, please remove it from the file)
Warning: reference sequence M94081|TRAJ47*01|Homo_sapiens|F|J-REGION|33096..33152|57: Sequence truncated before second cysteine (if you don't want to use this as a reference sequence, please remove it from the file)
Warning: reference sequence AF033825|TRAJ47*02|Homo_sapiens|(F)|J-REGION|312..368,t|57: Sequence truncated before second cysteine (if you don't want to use this as a reference sequence, please remove it from the file)
Warning: reference sequence M94081|TRAJ48*01|Homo_sapiens|F|J-REGION|30737..30799|63: Sequence truncated before second cysteine (if you don't want to use this as a reference sequence, please remove it from the file)
Warning: reference sequence M94081|TRAJ49*01|Homo_sapiens|F|J-REGION|29734..29789|56: Sequence truncated before second cysteine (if you don't want to use this as a reference sequence, please remove it from the file)
Warning: reference sequence M94081|TRAJ5*01|Homo_sapiens|F|J-REGION|80444..80503|60: Sequence truncated before second cysteine (if you don't want to use this as a reference sequence, please remove it from the file)
Warning: reference sequence M94081|TRAJ50*01|Homo_sapiens|F|J-REGION|28839..28898|60: Sequence truncated before second cysteine (if you don't want to use this as a reference sequence, please remove it from the file)
Warning: reference sequence M94081|TRAJ51*01|Homo_sapiens|P|J-REGION|27429..27491|63: Sequence truncated before second cysteine (if you don't want to use this as a reference sequence, please remove it from the file)
Warning: reference sequence M94081|TRAJ52*01|Homo_sapiens|F|J-REGION|26474..26542|69: Sequence truncated before second cysteine (if you don't want to use this as a reference sequence, please remove it from the file)
Warning: reference sequence M94081|TRAJ53*01|Homo_sapiens|F|J-REGION|23251..23316|66: Sequence truncated before second cysteine (if you don't want to use this as a reference sequence, please remove it from the file)
Warning: reference sequence M94081|TRAJ54*01|Homo_sapiens|F|J-REGION|22534..22593|60: Sequence truncated before second cysteine (if you don't want to use this as a reference sequence, please remove it from the file)
Warning: reference sequence M94081|TRAJ55*01|Homo_sapiens|P|J-REGION|21944..22000|57: Sequence truncated before second cysteine (if you don't want to use this as a reference sequence, please remove it from the file)
Warning: reference sequence M94081|TRAJ56*01|Homo_sapiens|F|J-REGION|19768..19829|62: Sequence truncated before second cysteine (if you don't want to use this as a reference sequence, please remove it from the file)
Warning: reference sequence M94081|TRAJ57*01|Homo_sapiens|F|J-REGION|19119..19181|63: Sequence truncated before second cysteine (if you don't want to use this as a reference sequence, please remove it from the file)
Warning: reference sequence M94081|TRAJ58*01|Homo_sapiens|ORF|J-REGION|17954..18016|63: Sequence truncated before second cysteine (if you don't want to use this as a reference sequence, please remove it from the file)
Warning: reference sequence M94081|TRAJ59*01|Homo_sapiens|ORF|J-REGION|16801..16860|60: Sequence truncated before second cysteine (if you don't want to use this as a reference sequence, please remove it from the file)
Warning: reference sequence M16747|TRAJ6*01|Homo_sapiens|F|J-REGION|31..92|62: Sequence truncated before second cysteine (if you don't want to use this as a reference sequence, please remove it from the file)
Warning: reference sequence M94081|TRAJ60*01|Homo_sapiens|P|J-REGION|16554..16610|57: Sequence truncated before second cysteine (if you don't want to use this as a reference sequence, please remove it from the file)
Warning: reference sequence M94081|TRAJ61*01|Homo_sapiens|ORF|J-REGION|15564..15623|60: Sequence truncated before second cysteine (if you don't want to use this as a reference sequence, please remove it from the file)
Warning: reference sequence M94081|TRAJ7*01|Homo_sapiens|F|J-REGION|77821..77879|59: Sequence truncated before second cysteine (if you don't want to use this as a reference sequence, please remove it from the file)
Warning: reference sequence M94081|TRAJ8*01|Homo_sapiens|F|J-REGION|76346..76405|60: Sequence truncated before second cysteine (if you don't want to use this as a reference sequence, please remove it from the file)
Warning: reference sequence IMGT000024|TRAJ8*02|Homo_sapiens|P|J-REGION|924242..924301|60: Sequence truncated before second cysteine (if you don't want to use this as a reference sequence, please remove it from the file)
Warning: reference sequence M94081|TRAJ9*01|Homo_sapiens|F|J-REGION|75756..75816|61: Sequence truncated before second cysteine (if you don't want to use this as a reference sequence, please remove it from the file)

2026-07-01 11:15:27 - INFO: Saved TRAJ.fasta (74 sequences).
2026-07-01 11:15:27 - INFO: Downloading TRBV.fasta ...
2026-07-01 11:15:28 - INFO: Adding IMGT gaps to sequences in TRBV.fasta
2026-07-01 11:15:29 - INFO: Removing L36092|TRBV1*01|Homo_sapiens|P|V-REGION|91723..92006|284 from reference: First cysteine not found
Removing X07224|TRBV12-1*01|Homo_sapiens|P|V-REGION|378..667|290 from reference: Stop codon in V-REGION before 2nd cysteine
Removing X06936|TRBV12-2*01|Homo_sapiens|P|V-REGION|388..677|290 from reference: Stop codon in V-REGION before 2nd cysteine
Removing U03115|TRBV16*02|Homo_sapiens|P|V-REGION|68672..68961|290 from reference: Stop codon in V-REGION before 2nd cysteine
Removing U03115|TRBV17*01|Homo_sapiens|ORF|V-REGION|72572..72858|287 from reference: Second cysteine not found
Removing IMGT000021|TRBV17*02|Homo_sapiens|ORF|V-REGION|370729..371015|287 from reference: Second cysteine not found
Warning: reference sequence L27615|TRBV23/OR9-2*02|Homo_sapiens|ORF|V-REGION|37..267|231: Sequence truncated before second cysteine (if you don't want to use this as a reference sequence, please remove it from the file)
Removing L36092|TRBV26*01|Homo_sapiens|P|V-REGION|529534..529820|287 from reference: Stop codon in V-REGION before 2nd cysteine, Second cysteine not found
Removing AF029308|TRBV26/OR9-2*01|Homo_sapiens|P|V-REGION|89361..89647|287 from reference: Stop codon in V-REGION before 2nd cysteine
Removing AL356489|TRBV26/OR9-2*02|Homo_sapiens|P|V-REGION|40715..41001|287 from reference: Stop codon in V-REGION before 2nd cysteine
Removing L36092|TRBV3-2*01|Homo_sapiens|P|V-REGION|152052..152338|287 from reference: Stop codon in V-REGION before 2nd cysteine, First cysteine not found
Removing U07978|TRBV3-2*02|Homo_sapiens|P|V-REGION|17502..17788|287 from reference: Stop codon in V-REGION before 2nd cysteine, First cysteine not found
Removing M33240|TRBV3-2*03|Homo_sapiens|(P)|V-REGION|36..321|286 from reference: Stop codon in V-REGION before 2nd cysteine, First cysteine not found
Removing IMGT000027|TRBV30*03|Homo_sapiens|P|V-REGION|418..701|284 from reference: Stop codon in V-REGION before 2nd cysteine
Removing X58804|TRBV5-4*04|Homo_sapiens|(F)|V-REGION|1..192|192 from reference: First cysteine not found
Removing L36092|TRBV5-7*01|Homo_sapiens|ORF|V-REGION|334981..335266|286 from reference: Conserved Trp not found
Removing L36092|TRBV6-7*01|Homo_sapiens|ORF|V-REGION|302725..303011|287 from reference: Conserved Trp not found
Removing IMGT000021|TRBV7-1*01|Homo_sapiens|ORF|V-REGION|101067..101356|290 from reference: First cysteine not found
Removing M97943|TRBV7-3*02|Homo_sapiens|ORF|V-REGION|404..693|290 from reference: Second cysteine not found
Removing AF009660|TRBV7-3*03|Homo_sapiens|ORF|V-REGION|39374..39663|290 from reference: Second cysteine not found
Removing L14854|TRBV7-9*07|Homo_sapiens|(F)|V-REGION|1..203|203 from reference: First cysteine not found
TRBV6-7*01: Conserved Trp not found
TRBV7-3*03: Second cysteine not found
TRBV7-3*02: Second cysteine not found
TRBV6-7*01_S7249: Conserved Trp not found
TRBV6-7*01_S4559: Conserved Trp not found
TRBV10-1*02_S3492: Stop codon in V-REGION before 2nd cysteine
TRBV30*02_S9206: Stop codon in V-REGION before 2nd cysteine
TRBV6-8*01_S2439: Stop codon in V-REGION before 2nd cysteine
TRBV6-8*01_S7864: Stop codon in V-REGION before 2nd cysteine

2026-07-01 11:15:29 - INFO: Saved TRBV.fasta (131 sequences).
2026-07-01 11:15:29 - INFO: Downloading TRBD.fasta ...
2026-07-01 11:15:30 - INFO: Adding IMGT gaps to sequences in TRBD.fasta
2026-07-01 11:15:30 - INFO: Warning: reference sequence K02545|TRBD1*01|Homo_sapiens|F|D-REGION|82..93|12: Sequence truncated before second cysteine (if you don't want to use this as a reference sequence, please remove it from the file)
Warning: reference sequence X02987|TRBD2*01|Homo_sapiens|F|D-REGION|140..155|16: Sequence truncated before second cysteine (if you don't want to use this as a reference sequence, please remove it from the file)
Warning: reference sequence M14159|TRBD2*02|Homo_sapiens|F|D-REGION|569..584|16: Sequence truncated before second cysteine (if you don't want to use this as a reference sequence, please remove it from the file)

2026-07-01 11:15:30 - INFO: Saved TRBD.fasta (3 sequences).
2026-07-01 11:15:30 - INFO: Downloading TRBJ.fasta ...
2026-07-01 11:15:31 - INFO: Adding IMGT gaps to sequences in TRBJ.fasta
2026-07-01 11:15:31 - INFO: Warning: reference sequence K02545|TRBJ1-1*01|Homo_sapiens|F|J-REGION|749..796|48: Sequence truncated before second cysteine (if you don't want to use this as a reference sequence, please remove it from the file)
Warning: reference sequence K02545|TRBJ1-2*01|Homo_sapiens|F|J-REGION|886..933|48: Sequence truncated before second cysteine (if you don't want to use this as a reference sequence, please remove it from the file)
Warning: reference sequence M14158|TRBJ1-3*01|Homo_sapiens|F|J-REGION|1499..1548|50: Sequence truncated before second cysteine (if you don't want to use this as a reference sequence, please remove it from the file)
Warning: reference sequence M14158|TRBJ1-4*01|Homo_sapiens|F|J-REGION|2095..2145|51: Sequence truncated before second cysteine (if you don't want to use this as a reference sequence, please remove it from the file)
Warning: reference sequence M14158|TRBJ1-5*01|Homo_sapiens|F|J-REGION|2368..2417|50: Sequence truncated before second cysteine (if you don't want to use this as a reference sequence, please remove it from the file)
Warning: reference sequence M14158|TRBJ1-6*01|Homo_sapiens|F|J-REGION|2859..2911|53: Sequence truncated before second cysteine (if you don't want to use this as a reference sequence, please remove it from the file)
Warning: reference sequence L36092|TRBJ1-6*02|Homo_sapiens|F|J-REGION|643043..643095|53: Sequence truncated before second cysteine (if you don't want to use this as a reference sequence, please remove it from the file)
Warning: reference sequence X02987|TRBJ2-1*01|Homo_sapiens|F|J-REGION|800..849|50: Sequence truncated before second cysteine (if you don't want to use this as a reference sequence, please remove it from the file)
Warning: reference sequence X02987|TRBJ2-2*01|Homo_sapiens|F|J-REGION|995..1045|51: Sequence truncated before second cysteine (if you don't want to use this as a reference sequence, please remove it from the file)
Warning: reference sequence X02987|TRBJ2-2P*01|Homo_sapiens|ORF|J-REGION|1132..1177|46: Sequence truncated before second cysteine (if you don't want to use this as a reference sequence, please remove it from the file)
Warning: reference sequence X02987|TRBJ2-3*01|Homo_sapiens|F|J-REGION|1282..1330|49: Sequence truncated before second cysteine (if you don't want to use this as a reference sequence, please remove it from the file)
Warning: reference sequence X02987|TRBJ2-4*01|Homo_sapiens|F|J-REGION|1432..1481|50: Sequence truncated before second cysteine (if you don't want to use this as a reference sequence, please remove it from the file)
Warning: reference sequence X02987|TRBJ2-5*01|Homo_sapiens|F|J-REGION|1553..1600|48: Sequence truncated before second cysteine (if you don't want to use this as a reference sequence, please remove it from the file)
Warning: reference sequence X02987|TRBJ2-6*01|Homo_sapiens|F|J-REGION|1673..1725|53: Sequence truncated before second cysteine (if you don't want to use this as a reference sequence, please remove it from the file)
Warning: reference sequence M14159|TRBJ2-7*01|Homo_sapiens|F|J-REGION|2316..2362|47: Sequence truncated before second cysteine (if you don't want to use this as a reference sequence, please remove it from the file)
Warning: reference sequence X02987|TRBJ2-7*02|Homo_sapiens|ORF|J-REGION|1890..1936|47: Sequence truncated before second cysteine (if you don't want to use this as a reference sequence, please remove it from the file)

2026-07-01 11:15:31 - INFO: Saved TRBJ.fasta (19 sequences).
2026-07-01 11:15:31 - INFO: Downloading TRDV.fasta ...
2026-07-01 11:15:32 - INFO: Adding IMGT gaps to sequences in TRDV.fasta
2026-07-01 11:15:32 - INFO: Warning: reference sequence L09758|TRAV14/DV4*04|Homo_sapiens|[F]|V-REGION|1..271|271: Sequence truncated before second cysteine (if you don't want to use this as a reference sequence, please remove it from the file)

2026-07-01 11:15:32 - INFO: Saved TRDV.fasta (6 sequences).
2026-07-01 11:15:32 - INFO: Downloading TRDD.fasta ...
2026-07-01 11:15:33 - INFO: Adding IMGT gaps to sequences in TRDD.fasta
2026-07-01 11:15:33 - INFO: Warning: reference sequence M23325|TRDD1*01|Homo_sapiens|F|D-REGION|54..61|8: Sequence truncated before second cysteine (if you don't want to use this as a reference sequence, please remove it from the file)
Warning: reference sequence M22153|TRDD2*01|Homo_sapiens|F|D-REGION|34..42|9: Sequence truncated before second cysteine (if you don't want to use this as a reference sequence, please remove it from the file)
Warning: reference sequence M22152|TRDD3*01|Homo_sapiens|F|D-REGION|214..226|13: Sequence truncated before second cysteine (if you don't want to use this as a reference sequence, please remove it from the file)

2026-07-01 11:15:33 - INFO: Saved TRDD.fasta (3 sequences).
2026-07-01 11:15:33 - INFO: Downloading TRDJ.fasta ...
2026-07-01 11:15:34 - INFO: Adding IMGT gaps to sequences in TRDJ.fasta
2026-07-01 11:15:34 - INFO: Warning: reference sequence M20289|TRDJ1*01|Homo_sapiens|F|J-REGION|51..101|51: Sequence truncated before second cysteine (if you don't want to use this as a reference sequence, please remove it from the file)
Warning: reference sequence L36386|TRDJ2*01|Homo_sapiens|F|J-REGION|39..92|54: Sequence truncated before second cysteine (if you don't want to use this as a reference sequence, please remove it from the file)
Warning: reference sequence M21508|TRDJ3*01|Homo_sapiens|F|J-REGION|735..793|59: Sequence truncated before second cysteine (if you don't want to use this as a reference sequence, please remove it from the file)
Warning: reference sequence AJ249814|TRDJ4*01|Homo_sapiens|F|J-REGION|1..48|48: Sequence truncated before second cysteine (if you don't want to use this as a reference sequence, please remove it from the file)

2026-07-01 11:15:34 - INFO: Saved TRDJ.fasta (5 sequences).
2026-07-01 11:15:34 - INFO: Downloading TRGV.fasta ...
2026-07-01 11:15:35 - INFO: Adding IMGT gaps to sequences in TRGV.fasta
2026-07-01 11:15:35 - INFO: Removing Y11227|TRGV11*01|Homo_sapiens|ORF|V-REGION|155..463|309 from reference: First cysteine not found
Removing AF159056|TRGV11*02|Homo_sapiens|ORF|V-REGION|81990..82298|309 from reference: First cysteine not found
Removing X07208|TRGVA*01|Homo_sapiens|P|V-REGION|134..418|285 from reference: Stop codon in V-REGION before 2nd cysteine

2026-07-01 11:15:35 - INFO: Saved TRGV.fasta (27 sequences).
2026-07-01 11:15:35 - INFO: Downloading TRGJ.fasta ...
2026-07-01 11:15:36 - INFO: Adding IMGT gaps to sequences in TRGJ.fasta
2026-07-01 11:15:36 - INFO: Warning: reference sequence M12960|TRGJ1*01|Homo_sapiens|F|J-REGION|157..206|50: Sequence truncated before second cysteine (if you don't want to use this as a reference sequence, please remove it from the file)
Warning: reference sequence IMGT000011|TRGJ1*02|Homo_sapiens|F|J-REGION|118516..118565|50: Sequence truncated before second cysteine (if you don't want to use this as a reference sequence, please remove it from the file)
Warning: reference sequence M12961|TRGJ2*01|Homo_sapiens|F|J-REGION|157..206|50: Sequence truncated before second cysteine (if you don't want to use this as a reference sequence, please remove it from the file)
Warning: reference sequence M12950|TRGJP*01|Homo_sapiens|F|J-REGION|29..90|62: Sequence truncated before second cysteine (if you don't want to use this as a reference sequence, please remove it from the file)
Warning: reference sequence X08084|TRGJP1*01|Homo_sapiens|F|J-REGION|29..88|60: Sequence truncated before second cysteine (if you don't want to use this as a reference sequence, please remove it from the file)
Warning: reference sequence M16016|TRGJP2*01|Homo_sapiens|F|J-REGION|29..88|60: Sequence truncated before second cysteine (if you don't want to use this as a reference sequence, please remove it from the file)

2026-07-01 11:15:36 - INFO: Saved TRGJ.fasta (7 sequences).
2026-07-01 11:15:36 - INFO: --- Building merged igblast fasta files ---
2026-07-01 11:15:36 - INFO: Wrote 299 sequences to gkhlab_human_tr_v.fasta
2026-07-01 11:15:36 - INFO: Wrote 6 sequences to gkhlab_human_tr_d.fasta
2026-07-01 11:15:36 - INFO: Wrote 105 sequences to gkhlab_human_tr_j.fasta
2026-07-01 11:15:36 - INFO: --- Generating igblastn auxiliary file ---
2026-07-01 11:15:36 - INFO: Generating auxiliary file: human_gl_gkhlab.aux
2026-07-01 11:15:36 - INFO: 
2026-07-01 11:15:36 - INFO: --- Building blast databases ---
2026-07-01 11:15:36 - INFO: Building blast database: gkhlab_human_tr_d
2026-07-01 11:15:38 - INFO: 

Building a new DB, current time: 07/01/2026 11:15:36
New DB name:   /Users/uqztuong/Documents/GitHub/dandelion/container/database/igblast/database/gkhlab_human_tr_d
New DB title:  database/igblast/fasta/gkhlab_human_tr_d.fasta
Sequence type: Nucleotide
Keep MBits: T
Maximum file size: 3000000000B
Adding sequences from FASTA; added 6 sequences in 0.00286698 seconds.



2026-07-01 11:15:38 - INFO: Building blast database: gkhlab_human_tr_j
2026-07-01 11:15:39 - INFO: 

Building a new DB, current time: 07/01/2026 11:15:38
New DB name:   /Users/uqztuong/Documents/GitHub/dandelion/container/database/igblast/database/gkhlab_human_tr_j
New DB title:  database/igblast/fasta/gkhlab_human_tr_j.fasta
Sequence type: Nucleotide
Keep MBits: T
Maximum file size: 3000000000B
Adding sequences from FASTA; added 105 sequences in 0.145449 seconds.



2026-07-01 11:15:39 - INFO: Building blast database: gkhlab_human_tr_v
2026-07-01 11:15:41 - INFO: 

Building a new DB, current time: 07/01/2026 11:15:39
New DB name:   /Users/uqztuong/Documents/GitHub/dandelion/container/database/igblast/database/gkhlab_human_tr_v
New DB title:  database/igblast/fasta/gkhlab_human_tr_v.fasta
Sequence type: Nucleotide
Keep MBits: T
Maximum file size: 3000000000B
Adding sequences from FASTA; added 299 sequences in 0.00561285 seconds.



2026-07-01 11:15:41 - INFO: Download finished: 2026-07-01 11:15:41.027536
2026-07-01 11:15:41 - INFO: Total execution time: 0:00:16.739128
