2026-07-02 15:22:52 - INFO: Source:  https://ogrdb.airr-community.org
2026-07-02 15:22:52 - INFO: Out directory:  /Users/uqztuong/Documents/GitHub/dandelion/container/database
2026-07-02 15:22:52 - INFO: Download date: 2026-07-02
2026-07-02 15:22:52 - INFO: Species:
2026-07-02 15:22:52 - INFO:     - human
2026-07-02 15:22:54 - INFO: Downloading Homo_sapiens_IGH_VDJ_rev_10_gapped.fasta.
2026-07-02 15:22:55 - INFO: Downloading Homo_sapiens_IGKappa_VJ_rev_5_gapped.fasta.
2026-07-02 15:22:56 - INFO: Downloading Homo_sapiens_IGLambda_VJ_rev_4_gapped.fasta.
2026-07-02 15:23:00 - INFO: Downloading Homo_sapiens_IGHC_rev_1_gapped.fasta.
2026-07-02 15:23:00 - INFO: Converting to igblast database for human
2026-07-02 15:23:00 - INFO: Preparing unified OGRDB human IG constant fasta
2026-07-02 15:23:00 - INFO: Downloading human OGRDB IGHC set from https://ogrdb.airr-community.org/download_germline_set/Homo%20sapiens/IGHC/published/ungapped_ex
2026-07-02 15:23:03 - INFO: Saved IGHC fasta to database/germlines/ogrdb/human/constant/Homo_sapiens_IGHC_rev_1_ungapped_ex.fasta
2026-07-02 15:23:03 - INFO: Wrote unified constant fasta with 326 sequences to database/igblast/fasta/ogrdb_human_ig_c.fasta
2026-07-02 15:23:03 - INFO:     - mouse
2026-07-02 15:23:05 - INFO: Downloading Mus_musculus_BALB/c IGH_rev_3_gapped.fasta.
2026-07-02 15:23:06 - INFO: Downloading Mus_musculus_C57BL/6 IGH_rev_5_gapped.fasta.
2026-07-02 15:23:06 - INFO: Downloading Mus_musculus_129S1/SvImJ IGLV_rev_3_gapped.fasta.
2026-07-02 15:23:07 - INFO: Downloading Mus_musculus_A/J IGLV_rev_2_gapped.fasta.
2026-07-02 15:23:07 - INFO: Downloading Mus_musculus_AKR/J IGLV_rev_1_gapped.fasta.
2026-07-02 15:23:08 - INFO: Downloading Mus_musculus_BALB/c/ByJ IGLV_rev_2_gapped.fasta.
2026-07-02 15:23:08 - INFO: Downloading Mus_musculus_C3H/HeJ IGLV_rev_1_gapped.fasta.
2026-07-02 15:23:08 - INFO: Downloading Mus_musculus_C57BL/6J IGLV_rev_1_gapped.fasta.
2026-07-02 15:23:09 - INFO: Downloading Mus_musculus_CAST/EiJ IGLV_rev_2_gapped.fasta.
2026-07-02 15:23:09 - INFO: Downloading Mus_musculus_CBA/J IGLV_rev_1_gapped.fasta.
2026-07-02 15:23:10 - INFO: Downloading Mus_musculus_DBA/1J IGLV_rev_1_gapped.fasta.
2026-07-02 15:23:10 - INFO: Downloading Mus_musculus_DBA/2J IGLV_rev_1_gapped.fasta.
2026-07-02 15:23:11 - INFO: Downloading Mus_musculus_LEWES/EiJ IGLV_rev_1_gapped.fasta.
2026-07-02 15:23:11 - INFO: Downloading Mus_musculus_MRL/MpJ IGLV_rev_1_gapped.fasta.
2026-07-02 15:23:12 - INFO: Downloading Mus_musculus_MSM/MsJ IGLV_rev_2_gapped.fasta.
2026-07-02 15:23:12 - INFO: Downloading Mus_musculus_NOD/ShiLtJ IGLV_rev_1_gapped.fasta.
2026-07-02 15:23:13 - INFO: Downloading Mus_musculus_NOR/LtJ IGLV_rev_1_gapped.fasta.
2026-07-02 15:23:13 - INFO: Downloading Mus_musculus_NZB/BlNJ IGLV_rev_1_gapped.fasta.
2026-07-02 15:23:14 - INFO: Downloading Mus_musculus_PWD/PhJ IGLV_rev_1_gapped.fasta.
2026-07-02 15:23:14 - INFO: Downloading Mus_musculus_SJL/J IGLV_rev_1_gapped.fasta.
2026-07-02 15:23:15 - INFO: Downloading Mus_musculus_129S1/SvImJ IGKV_rev_2_gapped.fasta.
2026-07-02 15:23:16 - INFO: Downloading Mus_musculus_AKR/J IGKV_rev_1_gapped.fasta.
2026-07-02 15:23:17 - INFO: Downloading Mus_musculus_BALB/c/ByJ IGKV_rev_1_gapped.fasta.
2026-07-02 15:23:18 - INFO: Downloading Mus_musculus_C3H/HeJ IGKV_rev_1_gapped.fasta.
2026-07-02 15:23:18 - INFO: Downloading Mus_musculus_C57BL/6J IGKV_rev_1_gapped.fasta.
2026-07-02 15:23:19 - INFO: Downloading Mus_musculus_CAST/EiJ IGKV_rev_1_gapped.fasta.
2026-07-02 15:23:20 - INFO: Downloading Mus_musculus_CBA/J IGKV_rev_1_gapped.fasta.
2026-07-02 15:23:21 - INFO: Downloading Mus_musculus_DBA/1J IGKV_rev_1_gapped.fasta.
2026-07-02 15:23:22 - INFO: Downloading Mus_musculus_DBA/2J IGKV_rev_1_gapped.fasta.
2026-07-02 15:23:23 - INFO: Downloading Mus_musculus_LEWES/EiJ IGKV_rev_1_gapped.fasta.
2026-07-02 15:23:23 - INFO: Downloading Mus_musculus_MRL/MpJ IGKV_rev_1_gapped.fasta.
2026-07-02 15:23:24 - INFO: Downloading Mus_musculus_MSM/MsJ IGKV_rev_1_gapped.fasta.
2026-07-02 15:23:25 - INFO: Downloading Mus_musculus_NOD/ShiLtJ IGKV_rev_1_gapped.fasta.
2026-07-02 15:23:25 - INFO: Downloading Mus_musculus_NOR/LtJ IGKV_rev_1_gapped.fasta.
2026-07-02 15:23:26 - INFO: Downloading Mus_musculus_NZB/BlNJ IGKV_rev_1_gapped.fasta.
2026-07-02 15:23:27 - INFO: Downloading Mus_musculus_PWD/PhJ IGKV_rev_1_gapped.fasta.
2026-07-02 15:23:28 - INFO: Downloading Mus_musculus_SJL/J IGKV_rev_1_gapped.fasta.
2026-07-02 15:23:28 - INFO: Downloading Mus_musculus_A/J IGKV_rev_2_gapped.fasta.
2026-07-02 15:23:29 - INFO: Downloading Mus_musculus_CAST/EiJ IGH_rev_2_gapped.fasta.
2026-07-02 15:23:30 - INFO: Downloading Mus_musculus_LEWES/EiJ IGH_rev_2_gapped.fasta.
2026-07-02 15:23:31 - INFO: Downloading Mus_musculus_MSM/MsJ IGH_rev_1_gapped.fasta.
2026-07-02 15:23:31 - INFO: Downloading Mus_musculus_NOD/ShiLtJ IGH_rev_1_gapped.fasta.
2026-07-02 15:23:32 - INFO: Downloading Mus_musculus_PWD/PhJ IGH_rev_2_gapped.fasta.
2026-07-02 15:23:33 - INFO: Downloading Mus_musculus_IGKJ (all strains)_rev_1_gapped.fasta.
2026-07-02 15:23:33 - INFO: Downloading Mus_musculus_IGLJ (all strains)_rev_1_gapped.fasta.
2026-07-02 15:23:57 - INFO: Converting to igblast database for mouse
2026-07-02 15:23:57 - INFO: Preparing unified OGRDB constant-region fasta files
2026-07-02 15:23:57 - INFO: Wrote unified constant fasta with 326 sequences to database/igblast/fasta/ogrdb_human_ig_c.fasta
2026-07-02 15:23:57 - INFO: Wrote unified constant fasta with 21 sequences to database/igblast/fasta/ogrdb_human_tr_c.fasta
2026-07-02 15:23:57 - INFO: Wrote unified constant fasta with 32 sequences to database/igblast/fasta/ogrdb_mouse_ig_c.fasta
2026-07-02 15:23:57 - INFO: Wrote strain-specific mouse IG constant fastas for 22 strains.
2026-07-02 15:23:57 - INFO: Wrote unified constant fasta with 15 sequences to database/igblast/fasta/ogrdb_mouse_tr_c.fasta
2026-07-02 15:23:57 - INFO: Preparing auxiliary files for igblast
2026-07-02 15:23:57 - INFO:
2026-07-02 15:23:58 - INFO:
2026-07-02 15:23:58 - INFO:

Building a new DB, current time: 07/02/2026 15:23:58
New DB name:   /Users/uqztuong/Documents/GitHub/dandelion/container/database/igblast/database/ogrdb_human_ig_c
New DB title:  database/igblast/fasta/ogrdb_human_ig_c.fasta
Sequence type: Nucleotide
Deleted existing Nucleotide BLAST database named /Users/uqztuong/Documents/GitHub/dandelion/container/database/igblast/database/ogrdb_human_ig_c
Keep MBits: T
Maximum file size: 3000000000B
Adding sequences from FASTA; added 326 sequences in 0.122102 seconds.



2026-07-02 15:23:59 - INFO:

Building a new DB, current time: 07/02/2026 15:23:59
New DB name:   /Users/uqztuong/Documents/GitHub/dandelion/container/database/igblast/database/ogrdb_human_ig_d
New DB title:  database/igblast/fasta/ogrdb_human_ig_d.fasta
Sequence type: Nucleotide
Deleted existing Nucleotide BLAST database named /Users/uqztuong/Documents/GitHub/dandelion/container/database/igblast/database/ogrdb_human_ig_d
Keep MBits: T
Maximum file size: 3000000000B
Adding sequences from FASTA; added 53 sequences in 0.111027 seconds.



2026-07-02 15:24:00 - INFO:

Building a new DB, current time: 07/02/2026 15:23:59
New DB name:   /Users/uqztuong/Documents/GitHub/dandelion/container/database/igblast/database/ogrdb_human_ig_j
New DB title:  database/igblast/fasta/ogrdb_human_ig_j.fasta
Sequence type: Nucleotide
Deleted existing Nucleotide BLAST database named /Users/uqztuong/Documents/GitHub/dandelion/container/database/igblast/database/ogrdb_human_ig_j
Keep MBits: T
Maximum file size: 3000000000B
Adding sequences from FASTA; added 24 sequences in 0.00327802 seconds.



2026-07-02 15:24:01 - INFO:

Building a new DB, current time: 07/02/2026 15:24:00
New DB name:   /Users/uqztuong/Documents/GitHub/dandelion/container/database/igblast/database/ogrdb_human_ig_v
New DB title:  database/igblast/fasta/ogrdb_human_ig_v.fasta
Sequence type: Nucleotide
Deleted existing Nucleotide BLAST database named /Users/uqztuong/Documents/GitHub/dandelion/container/database/igblast/database/ogrdb_human_ig_v
Keep MBits: T
Maximum file size: 3000000000B
Adding sequences from FASTA; added 379 sequences in 0.00823617 seconds.



2026-07-02 15:24:02 - INFO:

Building a new DB, current time: 07/02/2026 15:24:01
New DB name:   /Users/uqztuong/Documents/GitHub/dandelion/container/database/igblast/database/ogrdb_human_tr_c
New DB title:  database/igblast/fasta/ogrdb_human_tr_c.fasta
Sequence type: Nucleotide
Deleted existing Nucleotide BLAST database named /Users/uqztuong/Documents/GitHub/dandelion/container/database/igblast/database/ogrdb_human_tr_c
Keep MBits: T
Maximum file size: 3000000000B
Adding sequences from FASTA; added 21 sequences in 0.113642 seconds.



2026-07-02 15:24:03 - INFO:

Building a new DB, current time: 07/02/2026 15:24:02
New DB name:   /Users/uqztuong/Documents/GitHub/dandelion/container/database/igblast/database/ogrdb_mouse_129S1_SvImJ_ig_c
New DB title:  database/igblast/fasta/ogrdb_mouse_129S1_SvImJ_ig_c.fasta
Sequence type: Nucleotide
Keep MBits: T
Maximum file size: 3000000000B
Adding sequences from FASTA; added 32 sequences in 0.111952 seconds.



2026-07-02 15:24:03 - INFO:

Building a new DB, current time: 07/02/2026 15:24:03
New DB name:   /Users/uqztuong/Documents/GitHub/dandelion/container/database/igblast/database/ogrdb_mouse_129S1_SvImJ_ig_j
New DB title:  database/igblast/fasta/ogrdb_mouse_129S1_SvImJ_ig_j.fasta
Sequence type: Nucleotide
Deleted existing Nucleotide BLAST database named /Users/uqztuong/Documents/GitHub/dandelion/container/database/igblast/database/ogrdb_mouse_129S1_SvImJ_ig_j
Keep MBits: T
Maximum file size: 3000000000B
Adding sequences from FASTA; added 18 sequences in 0.00296211 seconds.



2026-07-02 15:24:04 - INFO:

Building a new DB, current time: 07/02/2026 15:24:04
New DB name:   /Users/uqztuong/Documents/GitHub/dandelion/container/database/igblast/database/ogrdb_mouse_129S1_SvImJ_ig_v
New DB title:  database/igblast/fasta/ogrdb_mouse_129S1_SvImJ_ig_v.fasta
Sequence type: Nucleotide
Deleted existing Nucleotide BLAST database named /Users/uqztuong/Documents/GitHub/dandelion/container/database/igblast/database/ogrdb_mouse_129S1_SvImJ_ig_v
Keep MBits: T
Maximum file size: 3000000000B
Adding sequences from FASTA; added 94 sequences in 0.00362706 seconds.



2026-07-02 15:24:05 - INFO:

Building a new DB, current time: 07/02/2026 15:24:04
New DB name:   /Users/uqztuong/Documents/GitHub/dandelion/container/database/igblast/database/ogrdb_mouse_AKR_J_ig_c
New DB title:  database/igblast/fasta/ogrdb_mouse_AKR_J_ig_c.fasta
Sequence type: Nucleotide
Keep MBits: T
Maximum file size: 3000000000B
Adding sequences from FASTA; added 32 sequences in 0.113177 seconds.



2026-07-02 15:24:06 - INFO:

Building a new DB, current time: 07/02/2026 15:24:05
New DB name:   /Users/uqztuong/Documents/GitHub/dandelion/container/database/igblast/database/ogrdb_mouse_AKR_J_ig_j
New DB title:  database/igblast/fasta/ogrdb_mouse_AKR_J_ig_j.fasta
Sequence type: Nucleotide
Deleted existing Nucleotide BLAST database named /Users/uqztuong/Documents/GitHub/dandelion/container/database/igblast/database/ogrdb_mouse_AKR_J_ig_j
Keep MBits: T
Maximum file size: 3000000000B
Adding sequences from FASTA; added 18 sequences in 0.00284982 seconds.



2026-07-02 15:24:07 - INFO:

Building a new DB, current time: 07/02/2026 15:24:06
New DB name:   /Users/uqztuong/Documents/GitHub/dandelion/container/database/igblast/database/ogrdb_mouse_AKR_J_ig_v
New DB title:  database/igblast/fasta/ogrdb_mouse_AKR_J_ig_v.fasta
Sequence type: Nucleotide
Deleted existing Nucleotide BLAST database named /Users/uqztuong/Documents/GitHub/dandelion/container/database/igblast/database/ogrdb_mouse_AKR_J_ig_v
Keep MBits: T
Maximum file size: 3000000000B
Adding sequences from FASTA; added 88 sequences in 0.00340915 seconds.



2026-07-02 15:24:08 - INFO:

Building a new DB, current time: 07/02/2026 15:24:07
New DB name:   /Users/uqztuong/Documents/GitHub/dandelion/container/database/igblast/database/ogrdb_mouse_A_J_ig_c
New DB title:  database/igblast/fasta/ogrdb_mouse_A_J_ig_c.fasta
Sequence type: Nucleotide
Keep MBits: T
Maximum file size: 3000000000B
Adding sequences from FASTA; added 32 sequences in 0.115021 seconds.



2026-07-02 15:24:08 - INFO:

Building a new DB, current time: 07/02/2026 15:24:08
New DB name:   /Users/uqztuong/Documents/GitHub/dandelion/container/database/igblast/database/ogrdb_mouse_A_J_ig_j
New DB title:  database/igblast/fasta/ogrdb_mouse_A_J_ig_j.fasta
Sequence type: Nucleotide
Deleted existing Nucleotide BLAST database named /Users/uqztuong/Documents/GitHub/dandelion/container/database/igblast/database/ogrdb_mouse_A_J_ig_j
Keep MBits: T
Maximum file size: 3000000000B
Adding sequences from FASTA; added 18 sequences in 0.00289512 seconds.



2026-07-02 15:24:09 - INFO:

Building a new DB, current time: 07/02/2026 15:24:09
New DB name:   /Users/uqztuong/Documents/GitHub/dandelion/container/database/igblast/database/ogrdb_mouse_A_J_ig_v
New DB title:  database/igblast/fasta/ogrdb_mouse_A_J_ig_v.fasta
Sequence type: Nucleotide
Deleted existing Nucleotide BLAST database named /Users/uqztuong/Documents/GitHub/dandelion/container/database/igblast/database/ogrdb_mouse_A_J_ig_v
Keep MBits: T
Maximum file size: 3000000000B
Adding sequences from FASTA; added 105 sequences in 0.00351596 seconds.



2026-07-02 15:24:10 - INFO:

Building a new DB, current time: 07/02/2026 15:24:09
New DB name:   /Users/uqztuong/Documents/GitHub/dandelion/container/database/igblast/database/ogrdb_mouse_BALB_c_ByJ_ig_c
New DB title:  database/igblast/fasta/ogrdb_mouse_BALB_c_ByJ_ig_c.fasta
Sequence type: Nucleotide
Keep MBits: T
Maximum file size: 3000000000B
Adding sequences from FASTA; added 32 sequences in 0.113164 seconds.



2026-07-02 15:24:11 - INFO:

Building a new DB, current time: 07/02/2026 15:24:10
New DB name:   /Users/uqztuong/Documents/GitHub/dandelion/container/database/igblast/database/ogrdb_mouse_BALB_c_ByJ_ig_j
New DB title:  database/igblast/fasta/ogrdb_mouse_BALB_c_ByJ_ig_j.fasta
Sequence type: Nucleotide
Deleted existing Nucleotide BLAST database named /Users/uqztuong/Documents/GitHub/dandelion/container/database/igblast/database/ogrdb_mouse_BALB_c_ByJ_ig_j
Keep MBits: T
Maximum file size: 3000000000B
Adding sequences from FASTA; added 18 sequences in 0.0029161 seconds.



2026-07-02 15:24:12 - INFO:

Building a new DB, current time: 07/02/2026 15:24:11
New DB name:   /Users/uqztuong/Documents/GitHub/dandelion/container/database/igblast/database/ogrdb_mouse_BALB_c_ByJ_ig_v
New DB title:  database/igblast/fasta/ogrdb_mouse_BALB_c_ByJ_ig_v.fasta
Sequence type: Nucleotide
Deleted existing Nucleotide BLAST database named /Users/uqztuong/Documents/GitHub/dandelion/container/database/igblast/database/ogrdb_mouse_BALB_c_ByJ_ig_v
Keep MBits: T
Maximum file size: 3000000000B
Adding sequences from FASTA; added 101 sequences in 0.00473619 seconds.



2026-07-02 15:24:13 - INFO:

Building a new DB, current time: 07/02/2026 15:24:12
New DB name:   /Users/uqztuong/Documents/GitHub/dandelion/container/database/igblast/database/ogrdb_mouse_BALB_c_ig_c
New DB title:  database/igblast/fasta/ogrdb_mouse_BALB_c_ig_c.fasta
Sequence type: Nucleotide
Keep MBits: T
Maximum file size: 3000000000B
Adding sequences from FASTA; added 32 sequences in 0.113507 seconds.



2026-07-02 15:24:13 - INFO:

Building a new DB, current time: 07/02/2026 15:24:13
New DB name:   /Users/uqztuong/Documents/GitHub/dandelion/container/database/igblast/database/ogrdb_mouse_BALB_c_ig_d
New DB title:  database/igblast/fasta/ogrdb_mouse_BALB_c_ig_d.fasta
Sequence type: Nucleotide
Deleted existing Nucleotide BLAST database named /Users/uqztuong/Documents/GitHub/dandelion/container/database/igblast/database/ogrdb_mouse_BALB_c_ig_d
Keep MBits: T
Maximum file size: 3000000000B
Adding sequences from FASTA; added 10 sequences in 0.00264907 seconds.



2026-07-02 15:24:14 - INFO:

Building a new DB, current time: 07/02/2026 15:24:13
New DB name:   /Users/uqztuong/Documents/GitHub/dandelion/container/database/igblast/database/ogrdb_mouse_BALB_c_ig_j
New DB title:  database/igblast/fasta/ogrdb_mouse_BALB_c_ig_j.fasta
Sequence type: Nucleotide
Deleted existing Nucleotide BLAST database named /Users/uqztuong/Documents/GitHub/dandelion/container/database/igblast/database/ogrdb_mouse_BALB_c_ig_j
Keep MBits: T
Maximum file size: 3000000000B
Adding sequences from FASTA; added 22 sequences in 0.00280881 seconds.



2026-07-02 15:24:15 - INFO:

Building a new DB, current time: 07/02/2026 15:24:14
New DB name:   /Users/uqztuong/Documents/GitHub/dandelion/container/database/igblast/database/ogrdb_mouse_BALB_c_ig_v
New DB title:  database/igblast/fasta/ogrdb_mouse_BALB_c_ig_v.fasta
Sequence type: Nucleotide
Deleted existing Nucleotide BLAST database named /Users/uqztuong/Documents/GitHub/dandelion/container/database/igblast/database/ogrdb_mouse_BALB_c_ig_v
Keep MBits: T
Maximum file size: 3000000000B
Adding sequences from FASTA; added 164 sequences in 0.00429988 seconds.



2026-07-02 15:24:16 - INFO:

Building a new DB, current time: 07/02/2026 15:24:15
New DB name:   /Users/uqztuong/Documents/GitHub/dandelion/container/database/igblast/database/ogrdb_mouse_C3H_HeJ_ig_c
New DB title:  database/igblast/fasta/ogrdb_mouse_C3H_HeJ_ig_c.fasta
Sequence type: Nucleotide
Keep MBits: T
Maximum file size: 3000000000B
Adding sequences from FASTA; added 32 sequences in 0.113946 seconds.



2026-07-02 15:24:17 - INFO:

Building a new DB, current time: 07/02/2026 15:24:16
New DB name:   /Users/uqztuong/Documents/GitHub/dandelion/container/database/igblast/database/ogrdb_mouse_C3H_HeJ_ig_j
New DB title:  database/igblast/fasta/ogrdb_mouse_C3H_HeJ_ig_j.fasta
Sequence type: Nucleotide
Deleted existing Nucleotide BLAST database named /Users/uqztuong/Documents/GitHub/dandelion/container/database/igblast/database/ogrdb_mouse_C3H_HeJ_ig_j
Keep MBits: T
Maximum file size: 3000000000B
Adding sequences from FASTA; added 18 sequences in 0.00289011 seconds.



2026-07-02 15:24:17 - INFO:

Building a new DB, current time: 07/02/2026 15:24:17
New DB name:   /Users/uqztuong/Documents/GitHub/dandelion/container/database/igblast/database/ogrdb_mouse_C3H_HeJ_ig_v
New DB title:  database/igblast/fasta/ogrdb_mouse_C3H_HeJ_ig_v.fasta
Sequence type: Nucleotide
Deleted existing Nucleotide BLAST database named /Users/uqztuong/Documents/GitHub/dandelion/container/database/igblast/database/ogrdb_mouse_C3H_HeJ_ig_v
Keep MBits: T
Maximum file size: 3000000000B
Adding sequences from FASTA; added 99 sequences in 0.00350809 seconds.



2026-07-02 15:24:18 - INFO:

Building a new DB, current time: 07/02/2026 15:24:18
New DB name:   /Users/uqztuong/Documents/GitHub/dandelion/container/database/igblast/database/ogrdb_mouse_C57BL_6J_ig_c
New DB title:  database/igblast/fasta/ogrdb_mouse_C57BL_6J_ig_c.fasta
Sequence type: Nucleotide
Keep MBits: T
Maximum file size: 3000000000B
Adding sequences from FASTA; added 32 sequences in 0.121267 seconds.



2026-07-02 15:24:19 - INFO:

Building a new DB, current time: 07/02/2026 15:24:18
New DB name:   /Users/uqztuong/Documents/GitHub/dandelion/container/database/igblast/database/ogrdb_mouse_C57BL_6J_ig_j
New DB title:  database/igblast/fasta/ogrdb_mouse_C57BL_6J_ig_j.fasta
Sequence type: Nucleotide
Deleted existing Nucleotide BLAST database named /Users/uqztuong/Documents/GitHub/dandelion/container/database/igblast/database/ogrdb_mouse_C57BL_6J_ig_j
Keep MBits: T
Maximum file size: 3000000000B
Adding sequences from FASTA; added 18 sequences in 0.00286794 seconds.



2026-07-02 15:24:20 - INFO:

Building a new DB, current time: 07/02/2026 15:24:19
New DB name:   /Users/uqztuong/Documents/GitHub/dandelion/container/database/igblast/database/ogrdb_mouse_C57BL_6J_ig_v
New DB title:  database/igblast/fasta/ogrdb_mouse_C57BL_6J_ig_v.fasta
Sequence type: Nucleotide
Deleted existing Nucleotide BLAST database named /Users/uqztuong/Documents/GitHub/dandelion/container/database/igblast/database/ogrdb_mouse_C57BL_6J_ig_v
Keep MBits: T
Maximum file size: 3000000000B
Adding sequences from FASTA; added 94 sequences in 0.00356102 seconds.



2026-07-02 15:24:21 - INFO:

Building a new DB, current time: 07/02/2026 15:24:20
New DB name:   /Users/uqztuong/Documents/GitHub/dandelion/container/database/igblast/database/ogrdb_mouse_C57BL_6_ig_c
New DB title:  database/igblast/fasta/ogrdb_mouse_C57BL_6_ig_c.fasta
Sequence type: Nucleotide
Keep MBits: T
Maximum file size: 3000000000B
Adding sequences from FASTA; added 32 sequences in 0.112645 seconds.



2026-07-02 15:24:22 - INFO:

Building a new DB, current time: 07/02/2026 15:24:21
New DB name:   /Users/uqztuong/Documents/GitHub/dandelion/container/database/igblast/database/ogrdb_mouse_C57BL_6_ig_d
New DB title:  database/igblast/fasta/ogrdb_mouse_C57BL_6_ig_d.fasta
Sequence type: Nucleotide
Deleted existing Nucleotide BLAST database named /Users/uqztuong/Documents/GitHub/dandelion/container/database/igblast/database/ogrdb_mouse_C57BL_6_ig_d
Keep MBits: T
Maximum file size: 3000000000B
Adding sequences from FASTA; added 8 sequences in 0.00282502 seconds.



2026-07-02 15:24:22 - INFO:

Building a new DB, current time: 07/02/2026 15:24:22
New DB name:   /Users/uqztuong/Documents/GitHub/dandelion/container/database/igblast/database/ogrdb_mouse_C57BL_6_ig_j
New DB title:  database/igblast/fasta/ogrdb_mouse_C57BL_6_ig_j.fasta
Sequence type: Nucleotide
Deleted existing Nucleotide BLAST database named /Users/uqztuong/Documents/GitHub/dandelion/container/database/igblast/database/ogrdb_mouse_C57BL_6_ig_j
Keep MBits: T
Maximum file size: 3000000000B
Adding sequences from FASTA; added 22 sequences in 0.00310206 seconds.



2026-07-02 15:24:23 - INFO:

Building a new DB, current time: 07/02/2026 15:24:22
New DB name:   /Users/uqztuong/Documents/GitHub/dandelion/container/database/igblast/database/ogrdb_mouse_C57BL_6_ig_v
New DB title:  database/igblast/fasta/ogrdb_mouse_C57BL_6_ig_v.fasta
Sequence type: Nucleotide
Deleted existing Nucleotide BLAST database named /Users/uqztuong/Documents/GitHub/dandelion/container/database/igblast/database/ogrdb_mouse_C57BL_6_ig_v
Keep MBits: T
Maximum file size: 3000000000B
Adding sequences from FASTA; added 102 sequences in 0.00342607 seconds.



2026-07-02 15:24:24 - INFO:

Building a new DB, current time: 07/02/2026 15:24:23
New DB name:   /Users/uqztuong/Documents/GitHub/dandelion/container/database/igblast/database/ogrdb_mouse_CAST_EiJ_ig_c
New DB title:  database/igblast/fasta/ogrdb_mouse_CAST_EiJ_ig_c.fasta
Sequence type: Nucleotide
Keep MBits: T
Maximum file size: 3000000000B
Adding sequences from FASTA; added 32 sequences in 0.11824 seconds.



2026-07-02 15:24:25 - INFO:

Building a new DB, current time: 07/02/2026 15:24:24
New DB name:   /Users/uqztuong/Documents/GitHub/dandelion/container/database/igblast/database/ogrdb_mouse_CAST_EiJ_ig_d
New DB title:  database/igblast/fasta/ogrdb_mouse_CAST_EiJ_ig_d.fasta
Sequence type: Nucleotide
Deleted existing Nucleotide BLAST database named /Users/uqztuong/Documents/GitHub/dandelion/container/database/igblast/database/ogrdb_mouse_CAST_EiJ_ig_d
Keep MBits: T
Maximum file size: 3000000000B
Adding sequences from FASTA; added 9 sequences in 0.003016 seconds.



2026-07-02 15:24:26 - INFO:

Building a new DB, current time: 07/02/2026 15:24:25
New DB name:   /Users/uqztuong/Documents/GitHub/dandelion/container/database/igblast/database/ogrdb_mouse_CAST_EiJ_ig_j
New DB title:  database/igblast/fasta/ogrdb_mouse_CAST_EiJ_ig_j.fasta
Sequence type: Nucleotide
Deleted existing Nucleotide BLAST database named /Users/uqztuong/Documents/GitHub/dandelion/container/database/igblast/database/ogrdb_mouse_CAST_EiJ_ig_j
Keep MBits: T
Maximum file size: 3000000000B
Adding sequences from FASTA; added 22 sequences in 0.00305486 seconds.



2026-07-02 15:24:26 - INFO:

Building a new DB, current time: 07/02/2026 15:24:26
New DB name:   /Users/uqztuong/Documents/GitHub/dandelion/container/database/igblast/database/ogrdb_mouse_CAST_EiJ_ig_v
New DB title:  database/igblast/fasta/ogrdb_mouse_CAST_EiJ_ig_v.fasta
Sequence type: Nucleotide
Deleted existing Nucleotide BLAST database named /Users/uqztuong/Documents/GitHub/dandelion/container/database/igblast/database/ogrdb_mouse_CAST_EiJ_ig_v
Keep MBits: T
Maximum file size: 3000000000B
Adding sequences from FASTA; added 184 sequences in 0.00413895 seconds.



2026-07-02 15:24:27 - INFO:

Building a new DB, current time: 07/02/2026 15:24:27
New DB name:   /Users/uqztuong/Documents/GitHub/dandelion/container/database/igblast/database/ogrdb_mouse_CBA_J_ig_c
New DB title:  database/igblast/fasta/ogrdb_mouse_CBA_J_ig_c.fasta
Sequence type: Nucleotide
Keep MBits: T
Maximum file size: 3000000000B
Adding sequences from FASTA; added 32 sequences in 0.118983 seconds.



2026-07-02 15:24:28 - INFO:

Building a new DB, current time: 07/02/2026 15:24:27
New DB name:   /Users/uqztuong/Documents/GitHub/dandelion/container/database/igblast/database/ogrdb_mouse_CBA_J_ig_j
New DB title:  database/igblast/fasta/ogrdb_mouse_CBA_J_ig_j.fasta
Sequence type: Nucleotide
Deleted existing Nucleotide BLAST database named /Users/uqztuong/Documents/GitHub/dandelion/container/database/igblast/database/ogrdb_mouse_CBA_J_ig_j
Keep MBits: T
Maximum file size: 3000000000B
Adding sequences from FASTA; added 18 sequences in 0.00289989 seconds.



2026-07-02 15:24:29 - INFO:

Building a new DB, current time: 07/02/2026 15:24:28
New DB name:   /Users/uqztuong/Documents/GitHub/dandelion/container/database/igblast/database/ogrdb_mouse_CBA_J_ig_v
New DB title:  database/igblast/fasta/ogrdb_mouse_CBA_J_ig_v.fasta
Sequence type: Nucleotide
Deleted existing Nucleotide BLAST database named /Users/uqztuong/Documents/GitHub/dandelion/container/database/igblast/database/ogrdb_mouse_CBA_J_ig_v
Keep MBits: T
Maximum file size: 3000000000B
Adding sequences from FASTA; added 85 sequences in 0.00348496 seconds.



2026-07-02 15:24:30 - INFO:

Building a new DB, current time: 07/02/2026 15:24:29
New DB name:   /Users/uqztuong/Documents/GitHub/dandelion/container/database/igblast/database/ogrdb_mouse_DBA_1J_ig_c
New DB title:  database/igblast/fasta/ogrdb_mouse_DBA_1J_ig_c.fasta
Sequence type: Nucleotide
Keep MBits: T
Maximum file size: 3000000000B
Adding sequences from FASTA; added 32 sequences in 0.113802 seconds.



2026-07-02 15:24:31 - INFO:

Building a new DB, current time: 07/02/2026 15:24:30
New DB name:   /Users/uqztuong/Documents/GitHub/dandelion/container/database/igblast/database/ogrdb_mouse_DBA_1J_ig_j
New DB title:  database/igblast/fasta/ogrdb_mouse_DBA_1J_ig_j.fasta
Sequence type: Nucleotide
Deleted existing Nucleotide BLAST database named /Users/uqztuong/Documents/GitHub/dandelion/container/database/igblast/database/ogrdb_mouse_DBA_1J_ig_j
Keep MBits: T
Maximum file size: 3000000000B
Adding sequences from FASTA; added 18 sequences in 0.0030601 seconds.



2026-07-02 15:24:31 - INFO:

Building a new DB, current time: 07/02/2026 15:24:31
New DB name:   /Users/uqztuong/Documents/GitHub/dandelion/container/database/igblast/database/ogrdb_mouse_DBA_1J_ig_v
New DB title:  database/igblast/fasta/ogrdb_mouse_DBA_1J_ig_v.fasta
Sequence type: Nucleotide
Deleted existing Nucleotide BLAST database named /Users/uqztuong/Documents/GitHub/dandelion/container/database/igblast/database/ogrdb_mouse_DBA_1J_ig_v
Keep MBits: T
Maximum file size: 3000000000B
Adding sequences from FASTA; added 107 sequences in 0.00387311 seconds.



2026-07-02 15:24:32 - INFO:

Building a new DB, current time: 07/02/2026 15:24:31
New DB name:   /Users/uqztuong/Documents/GitHub/dandelion/container/database/igblast/database/ogrdb_mouse_DBA_2J_ig_c
New DB title:  database/igblast/fasta/ogrdb_mouse_DBA_2J_ig_c.fasta
Sequence type: Nucleotide
Keep MBits: T
Maximum file size: 3000000000B
Adding sequences from FASTA; added 32 sequences in 0.123006 seconds.



2026-07-02 15:24:33 - INFO:

Building a new DB, current time: 07/02/2026 15:24:32
New DB name:   /Users/uqztuong/Documents/GitHub/dandelion/container/database/igblast/database/ogrdb_mouse_DBA_2J_ig_j
New DB title:  database/igblast/fasta/ogrdb_mouse_DBA_2J_ig_j.fasta
Sequence type: Nucleotide
Deleted existing Nucleotide BLAST database named /Users/uqztuong/Documents/GitHub/dandelion/container/database/igblast/database/ogrdb_mouse_DBA_2J_ig_j
Keep MBits: T
Maximum file size: 3000000000B
Adding sequences from FASTA; added 18 sequences in 0.00320888 seconds.



2026-07-02 15:24:34 - INFO:

Building a new DB, current time: 07/02/2026 15:24:33
New DB name:   /Users/uqztuong/Documents/GitHub/dandelion/container/database/igblast/database/ogrdb_mouse_DBA_2J_ig_v
New DB title:  database/igblast/fasta/ogrdb_mouse_DBA_2J_ig_v.fasta
Sequence type: Nucleotide
Deleted existing Nucleotide BLAST database named /Users/uqztuong/Documents/GitHub/dandelion/container/database/igblast/database/ogrdb_mouse_DBA_2J_ig_v
Keep MBits: T
Maximum file size: 3000000000B
Adding sequences from FASTA; added 103 sequences in 0.00346994 seconds.



2026-07-02 15:24:35 - INFO:

Building a new DB, current time: 07/02/2026 15:24:34
New DB name:   /Users/uqztuong/Documents/GitHub/dandelion/container/database/igblast/database/ogrdb_mouse_LEWES_EiJ_ig_c
New DB title:  database/igblast/fasta/ogrdb_mouse_LEWES_EiJ_ig_c.fasta
Sequence type: Nucleotide
Keep MBits: T
Maximum file size: 3000000000B
Adding sequences from FASTA; added 32 sequences in 0.114045 seconds.



2026-07-02 15:24:36 - INFO:

Building a new DB, current time: 07/02/2026 15:24:35
New DB name:   /Users/uqztuong/Documents/GitHub/dandelion/container/database/igblast/database/ogrdb_mouse_LEWES_EiJ_ig_d
New DB title:  database/igblast/fasta/ogrdb_mouse_LEWES_EiJ_ig_d.fasta
Sequence type: Nucleotide
Deleted existing Nucleotide BLAST database named /Users/uqztuong/Documents/GitHub/dandelion/container/database/igblast/database/ogrdb_mouse_LEWES_EiJ_ig_d
Keep MBits: T
Maximum file size: 3000000000B
Adding sequences from FASTA; added 11 sequences in 0.00300789 seconds.



2026-07-02 15:24:36 - INFO:

Building a new DB, current time: 07/02/2026 15:24:36
New DB name:   /Users/uqztuong/Documents/GitHub/dandelion/container/database/igblast/database/ogrdb_mouse_LEWES_EiJ_ig_j
New DB title:  database/igblast/fasta/ogrdb_mouse_LEWES_EiJ_ig_j.fasta
Sequence type: Nucleotide
Deleted existing Nucleotide BLAST database named /Users/uqztuong/Documents/GitHub/dandelion/container/database/igblast/database/ogrdb_mouse_LEWES_EiJ_ig_j
Keep MBits: T
Maximum file size: 3000000000B
Adding sequences from FASTA; added 22 sequences in 0.00273991 seconds.



2026-07-02 15:24:37 - INFO:

Building a new DB, current time: 07/02/2026 15:24:36
New DB name:   /Users/uqztuong/Documents/GitHub/dandelion/container/database/igblast/database/ogrdb_mouse_LEWES_EiJ_ig_v
New DB title:  database/igblast/fasta/ogrdb_mouse_LEWES_EiJ_ig_v.fasta
Sequence type: Nucleotide
Deleted existing Nucleotide BLAST database named /Users/uqztuong/Documents/GitHub/dandelion/container/database/igblast/database/ogrdb_mouse_LEWES_EiJ_ig_v
Keep MBits: T
Maximum file size: 3000000000B
Adding sequences from FASTA; added 169 sequences in 0.00423598 seconds.



2026-07-02 15:24:38 - INFO:

Building a new DB, current time: 07/02/2026 15:24:37
New DB name:   /Users/uqztuong/Documents/GitHub/dandelion/container/database/igblast/database/ogrdb_mouse_MRL_MpJ_ig_c
New DB title:  database/igblast/fasta/ogrdb_mouse_MRL_MpJ_ig_c.fasta
Sequence type: Nucleotide
Keep MBits: T
Maximum file size: 3000000000B
Adding sequences from FASTA; added 32 sequences in 0.116055 seconds.



2026-07-02 15:24:39 - INFO:

Building a new DB, current time: 07/02/2026 15:24:38
New DB name:   /Users/uqztuong/Documents/GitHub/dandelion/container/database/igblast/database/ogrdb_mouse_MRL_MpJ_ig_j
New DB title:  database/igblast/fasta/ogrdb_mouse_MRL_MpJ_ig_j.fasta
Sequence type: Nucleotide
Deleted existing Nucleotide BLAST database named /Users/uqztuong/Documents/GitHub/dandelion/container/database/igblast/database/ogrdb_mouse_MRL_MpJ_ig_j
Keep MBits: T
Maximum file size: 3000000000B
Adding sequences from FASTA; added 18 sequences in 0.00286603 seconds.



2026-07-02 15:24:40 - INFO:

Building a new DB, current time: 07/02/2026 15:24:39
New DB name:   /Users/uqztuong/Documents/GitHub/dandelion/container/database/igblast/database/ogrdb_mouse_MRL_MpJ_ig_v
New DB title:  database/igblast/fasta/ogrdb_mouse_MRL_MpJ_ig_v.fasta
Sequence type: Nucleotide
Deleted existing Nucleotide BLAST database named /Users/uqztuong/Documents/GitHub/dandelion/container/database/igblast/database/ogrdb_mouse_MRL_MpJ_ig_v
Keep MBits: T
Maximum file size: 3000000000B
Adding sequences from FASTA; added 75 sequences in 0.00378799 seconds.



2026-07-02 15:24:40 - INFO:

Building a new DB, current time: 07/02/2026 15:24:40
New DB name:   /Users/uqztuong/Documents/GitHub/dandelion/container/database/igblast/database/ogrdb_mouse_MSM_MsJ_ig_c
New DB title:  database/igblast/fasta/ogrdb_mouse_MSM_MsJ_ig_c.fasta
Sequence type: Nucleotide
Keep MBits: T
Maximum file size: 3000000000B
Adding sequences from FASTA; added 32 sequences in 0.122228 seconds.



2026-07-02 15:24:41 - INFO:

Building a new DB, current time: 07/02/2026 15:24:41
New DB name:   /Users/uqztuong/Documents/GitHub/dandelion/container/database/igblast/database/ogrdb_mouse_MSM_MsJ_ig_d
New DB title:  database/igblast/fasta/ogrdb_mouse_MSM_MsJ_ig_d.fasta
Sequence type: Nucleotide
Deleted existing Nucleotide BLAST database named /Users/uqztuong/Documents/GitHub/dandelion/container/database/igblast/database/ogrdb_mouse_MSM_MsJ_ig_d
Keep MBits: T
Maximum file size: 3000000000B
Adding sequences from FASTA; added 9 sequences in 0.00315785 seconds.



2026-07-02 15:24:42 - INFO:

Building a new DB, current time: 07/02/2026 15:24:41
New DB name:   /Users/uqztuong/Documents/GitHub/dandelion/container/database/igblast/database/ogrdb_mouse_MSM_MsJ_ig_j
New DB title:  database/igblast/fasta/ogrdb_mouse_MSM_MsJ_ig_j.fasta
Sequence type: Nucleotide
Deleted existing Nucleotide BLAST database named /Users/uqztuong/Documents/GitHub/dandelion/container/database/igblast/database/ogrdb_mouse_MSM_MsJ_ig_j
Keep MBits: T
Maximum file size: 3000000000B
Adding sequences from FASTA; added 22 sequences in 0.00330496 seconds.



2026-07-02 15:24:43 - INFO:

Building a new DB, current time: 07/02/2026 15:24:42
New DB name:   /Users/uqztuong/Documents/GitHub/dandelion/container/database/igblast/database/ogrdb_mouse_MSM_MsJ_ig_v
New DB title:  database/igblast/fasta/ogrdb_mouse_MSM_MsJ_ig_v.fasta
Sequence type: Nucleotide
Deleted existing Nucleotide BLAST database named /Users/uqztuong/Documents/GitHub/dandelion/container/database/igblast/database/ogrdb_mouse_MSM_MsJ_ig_v
Keep MBits: T
Maximum file size: 3000000000B
Adding sequences from FASTA; added 172 sequences in 0.00493097 seconds.



2026-07-02 15:24:44 - INFO:

Building a new DB, current time: 07/02/2026 15:24:43
New DB name:   /Users/uqztuong/Documents/GitHub/dandelion/container/database/igblast/database/ogrdb_mouse_NOD_ShiLtJ_ig_c
New DB title:  database/igblast/fasta/ogrdb_mouse_NOD_ShiLtJ_ig_c.fasta
Sequence type: Nucleotide
Keep MBits: T
Maximum file size: 3000000000B
Adding sequences from FASTA; added 32 sequences in 0.121849 seconds.



2026-07-02 15:24:45 - INFO:

Building a new DB, current time: 07/02/2026 15:24:44
New DB name:   /Users/uqztuong/Documents/GitHub/dandelion/container/database/igblast/database/ogrdb_mouse_NOD_ShiLtJ_ig_d
New DB title:  database/igblast/fasta/ogrdb_mouse_NOD_ShiLtJ_ig_d.fasta
Sequence type: Nucleotide
Deleted existing Nucleotide BLAST database named /Users/uqztuong/Documents/GitHub/dandelion/container/database/igblast/database/ogrdb_mouse_NOD_ShiLtJ_ig_d
Keep MBits: T
Maximum file size: 3000000000B
Adding sequences from FASTA; added 9 sequences in 0.00284815 seconds.



2026-07-02 15:24:45 - INFO:

Building a new DB, current time: 07/02/2026 15:24:45
New DB name:   /Users/uqztuong/Documents/GitHub/dandelion/container/database/igblast/database/ogrdb_mouse_NOD_ShiLtJ_ig_j
New DB title:  database/igblast/fasta/ogrdb_mouse_NOD_ShiLtJ_ig_j.fasta
Sequence type: Nucleotide
Deleted existing Nucleotide BLAST database named /Users/uqztuong/Documents/GitHub/dandelion/container/database/igblast/database/ogrdb_mouse_NOD_ShiLtJ_ig_j
Keep MBits: T
Maximum file size: 3000000000B
Adding sequences from FASTA; added 22 sequences in 0.00335479 seconds.



2026-07-02 15:24:46 - INFO:

Building a new DB, current time: 07/02/2026 15:24:45
New DB name:   /Users/uqztuong/Documents/GitHub/dandelion/container/database/igblast/database/ogrdb_mouse_NOD_ShiLtJ_ig_v
New DB title:  database/igblast/fasta/ogrdb_mouse_NOD_ShiLtJ_ig_v.fasta
Sequence type: Nucleotide
Deleted existing Nucleotide BLAST database named /Users/uqztuong/Documents/GitHub/dandelion/container/database/igblast/database/ogrdb_mouse_NOD_ShiLtJ_ig_v
Keep MBits: T
Maximum file size: 3000000000B
Adding sequences from FASTA; added 149 sequences in 0.0042882 seconds.



2026-07-02 15:24:47 - INFO:

Building a new DB, current time: 07/02/2026 15:24:46
New DB name:   /Users/uqztuong/Documents/GitHub/dandelion/container/database/igblast/database/ogrdb_mouse_NOR_LtJ_ig_c
New DB title:  database/igblast/fasta/ogrdb_mouse_NOR_LtJ_ig_c.fasta
Sequence type: Nucleotide
Keep MBits: T
Maximum file size: 3000000000B
Adding sequences from FASTA; added 32 sequences in 0.118717 seconds.



2026-07-02 15:24:48 - INFO:

Building a new DB, current time: 07/02/2026 15:24:47
New DB name:   /Users/uqztuong/Documents/GitHub/dandelion/container/database/igblast/database/ogrdb_mouse_NOR_LtJ_ig_j
New DB title:  database/igblast/fasta/ogrdb_mouse_NOR_LtJ_ig_j.fasta
Sequence type: Nucleotide
Deleted existing Nucleotide BLAST database named /Users/uqztuong/Documents/GitHub/dandelion/container/database/igblast/database/ogrdb_mouse_NOR_LtJ_ig_j
Keep MBits: T
Maximum file size: 3000000000B
Adding sequences from FASTA; added 18 sequences in 0.0030911 seconds.



2026-07-02 15:24:49 - INFO:

Building a new DB, current time: 07/02/2026 15:24:48
New DB name:   /Users/uqztuong/Documents/GitHub/dandelion/container/database/igblast/database/ogrdb_mouse_NOR_LtJ_ig_v
New DB title:  database/igblast/fasta/ogrdb_mouse_NOR_LtJ_ig_v.fasta
Sequence type: Nucleotide
Deleted existing Nucleotide BLAST database named /Users/uqztuong/Documents/GitHub/dandelion/container/database/igblast/database/ogrdb_mouse_NOR_LtJ_ig_v
Keep MBits: T
Maximum file size: 3000000000B
Adding sequences from FASTA; added 83 sequences in 0.00373888 seconds.



2026-07-02 15:24:50 - INFO:

Building a new DB, current time: 07/02/2026 15:24:49
New DB name:   /Users/uqztuong/Documents/GitHub/dandelion/container/database/igblast/database/ogrdb_mouse_NZB_BlNJ_ig_c
New DB title:  database/igblast/fasta/ogrdb_mouse_NZB_BlNJ_ig_c.fasta
Sequence type: Nucleotide
Keep MBits: T
Maximum file size: 3000000000B
Adding sequences from FASTA; added 32 sequences in 0.113427 seconds.



2026-07-02 15:24:50 - INFO:

Building a new DB, current time: 07/02/2026 15:24:50
New DB name:   /Users/uqztuong/Documents/GitHub/dandelion/container/database/igblast/database/ogrdb_mouse_NZB_BlNJ_ig_j
New DB title:  database/igblast/fasta/ogrdb_mouse_NZB_BlNJ_ig_j.fasta
Sequence type: Nucleotide
Deleted existing Nucleotide BLAST database named /Users/uqztuong/Documents/GitHub/dandelion/container/database/igblast/database/ogrdb_mouse_NZB_BlNJ_ig_j
Keep MBits: T
Maximum file size: 3000000000B
Adding sequences from FASTA; added 18 sequences in 0.00325608 seconds.



2026-07-02 15:24:51 - INFO:

Building a new DB, current time: 07/02/2026 15:24:50
New DB name:   /Users/uqztuong/Documents/GitHub/dandelion/container/database/igblast/database/ogrdb_mouse_NZB_BlNJ_ig_v
New DB title:  database/igblast/fasta/ogrdb_mouse_NZB_BlNJ_ig_v.fasta
Sequence type: Nucleotide
Deleted existing Nucleotide BLAST database named /Users/uqztuong/Documents/GitHub/dandelion/container/database/igblast/database/ogrdb_mouse_NZB_BlNJ_ig_v
Keep MBits: T
Maximum file size: 3000000000B
Adding sequences from FASTA; added 108 sequences in 0.0042541 seconds.



2026-07-02 15:24:52 - INFO:

Building a new DB, current time: 07/02/2026 15:24:51
New DB name:   /Users/uqztuong/Documents/GitHub/dandelion/container/database/igblast/database/ogrdb_mouse_PWD_PhJ_ig_c
New DB title:  database/igblast/fasta/ogrdb_mouse_PWD_PhJ_ig_c.fasta
Sequence type: Nucleotide
Keep MBits: T
Maximum file size: 3000000000B
Adding sequences from FASTA; added 32 sequences in 0.116808 seconds.



2026-07-02 15:24:53 - INFO:

Building a new DB, current time: 07/02/2026 15:24:52
New DB name:   /Users/uqztuong/Documents/GitHub/dandelion/container/database/igblast/database/ogrdb_mouse_PWD_PhJ_ig_d
New DB title:  database/igblast/fasta/ogrdb_mouse_PWD_PhJ_ig_d.fasta
Sequence type: Nucleotide
Deleted existing Nucleotide BLAST database named /Users/uqztuong/Documents/GitHub/dandelion/container/database/igblast/database/ogrdb_mouse_PWD_PhJ_ig_d
Keep MBits: T
Maximum file size: 3000000000B
Adding sequences from FASTA; added 10 sequences in 0.00325108 seconds.



2026-07-02 15:24:54 - INFO:

Building a new DB, current time: 07/02/2026 15:24:53
New DB name:   /Users/uqztuong/Documents/GitHub/dandelion/container/database/igblast/database/ogrdb_mouse_PWD_PhJ_ig_j
New DB title:  database/igblast/fasta/ogrdb_mouse_PWD_PhJ_ig_j.fasta
Sequence type: Nucleotide
Deleted existing Nucleotide BLAST database named /Users/uqztuong/Documents/GitHub/dandelion/container/database/igblast/database/ogrdb_mouse_PWD_PhJ_ig_j
Keep MBits: T
Maximum file size: 3000000000B
Adding sequences from FASTA; added 22 sequences in 0.00284386 seconds.



2026-07-02 15:24:54 - INFO:

Building a new DB, current time: 07/02/2026 15:24:54
New DB name:   /Users/uqztuong/Documents/GitHub/dandelion/container/database/igblast/database/ogrdb_mouse_PWD_PhJ_ig_v
New DB title:  database/igblast/fasta/ogrdb_mouse_PWD_PhJ_ig_v.fasta
Sequence type: Nucleotide
Deleted existing Nucleotide BLAST database named /Users/uqztuong/Documents/GitHub/dandelion/container/database/igblast/database/ogrdb_mouse_PWD_PhJ_ig_v
Keep MBits: T
Maximum file size: 3000000000B
Adding sequences from FASTA; added 184 sequences in 0.00445104 seconds.



2026-07-02 15:24:55 - INFO:

Building a new DB, current time: 07/02/2026 15:24:54
New DB name:   /Users/uqztuong/Documents/GitHub/dandelion/container/database/igblast/database/ogrdb_mouse_SJL_J_ig_c
New DB title:  database/igblast/fasta/ogrdb_mouse_SJL_J_ig_c.fasta
Sequence type: Nucleotide
Keep MBits: T
Maximum file size: 3000000000B
Adding sequences from FASTA; added 32 sequences in 0.115272 seconds.



2026-07-02 15:24:56 - INFO:

Building a new DB, current time: 07/02/2026 15:24:55
New DB name:   /Users/uqztuong/Documents/GitHub/dandelion/container/database/igblast/database/ogrdb_mouse_SJL_J_ig_j
New DB title:  database/igblast/fasta/ogrdb_mouse_SJL_J_ig_j.fasta
Sequence type: Nucleotide
Deleted existing Nucleotide BLAST database named /Users/uqztuong/Documents/GitHub/dandelion/container/database/igblast/database/ogrdb_mouse_SJL_J_ig_j
Keep MBits: T
Maximum file size: 3000000000B
Adding sequences from FASTA; added 18 sequences in 0.00292993 seconds.



2026-07-02 15:24:57 - INFO:

Building a new DB, current time: 07/02/2026 15:24:56
New DB name:   /Users/uqztuong/Documents/GitHub/dandelion/container/database/igblast/database/ogrdb_mouse_SJL_J_ig_v
New DB title:  database/igblast/fasta/ogrdb_mouse_SJL_J_ig_v.fasta
Sequence type: Nucleotide
Deleted existing Nucleotide BLAST database named /Users/uqztuong/Documents/GitHub/dandelion/container/database/igblast/database/ogrdb_mouse_SJL_J_ig_v
Keep MBits: T
Maximum file size: 3000000000B
Adding sequences from FASTA; added 70 sequences in 0.00332594 seconds.



2026-07-02 15:24:58 - INFO:

Building a new DB, current time: 07/02/2026 15:24:57
New DB name:   /Users/uqztuong/Documents/GitHub/dandelion/container/database/igblast/database/ogrdb_mouse_balbc_ig_c
New DB title:  database/igblast/fasta/ogrdb_mouse_balbc_ig_c.fasta
Sequence type: Nucleotide
Keep MBits: T
Maximum file size: 3000000000B
Adding sequences from FASTA; added 32 sequences in 0.12261 seconds.



2026-07-02 15:24:58 - INFO:

Building a new DB, current time: 07/02/2026 15:24:58
New DB name:   /Users/uqztuong/Documents/GitHub/dandelion/container/database/igblast/database/ogrdb_mouse_balbc_ig_d
New DB title:  database/igblast/fasta/ogrdb_mouse_balbc_ig_d.fasta
Sequence type: Nucleotide
Deleted existing Nucleotide BLAST database named /Users/uqztuong/Documents/GitHub/dandelion/container/database/igblast/database/ogrdb_mouse_balbc_ig_d
Keep MBits: T
Maximum file size: 3000000000B
Adding sequences from FASTA; added 10 sequences in 0.00286007 seconds.



2026-07-02 15:24:59 - INFO:

Building a new DB, current time: 07/02/2026 15:24:59
New DB name:   /Users/uqztuong/Documents/GitHub/dandelion/container/database/igblast/database/ogrdb_mouse_balbc_ig_j
New DB title:  database/igblast/fasta/ogrdb_mouse_balbc_ig_j.fasta
Sequence type: Nucleotide
Deleted existing Nucleotide BLAST database named /Users/uqztuong/Documents/GitHub/dandelion/container/database/igblast/database/ogrdb_mouse_balbc_ig_j
Keep MBits: T
Maximum file size: 3000000000B
Adding sequences from FASTA; added 22 sequences in 0.00316596 seconds.



2026-07-02 15:25:00 - INFO:

Building a new DB, current time: 07/02/2026 15:24:59
New DB name:   /Users/uqztuong/Documents/GitHub/dandelion/container/database/igblast/database/ogrdb_mouse_balbc_ig_v
New DB title:  database/igblast/fasta/ogrdb_mouse_balbc_ig_v.fasta
Sequence type: Nucleotide
Deleted existing Nucleotide BLAST database named /Users/uqztuong/Documents/GitHub/dandelion/container/database/igblast/database/ogrdb_mouse_balbc_ig_v
Keep MBits: T
Maximum file size: 3000000000B
Adding sequences from FASTA; added 265 sequences in 0.00625205 seconds.



2026-07-02 15:25:01 - INFO:

Building a new DB, current time: 07/02/2026 15:25:00
New DB name:   /Users/uqztuong/Documents/GitHub/dandelion/container/database/igblast/database/ogrdb_mouse_c57bl6_ig_c
New DB title:  database/igblast/fasta/ogrdb_mouse_c57bl6_ig_c.fasta
Sequence type: Nucleotide
Keep MBits: T
Maximum file size: 3000000000B
Adding sequences from FASTA; added 32 sequences in 0.112007 seconds.



2026-07-02 15:25:02 - INFO:

Building a new DB, current time: 07/02/2026 15:25:01
New DB name:   /Users/uqztuong/Documents/GitHub/dandelion/container/database/igblast/database/ogrdb_mouse_c57bl6_ig_d
New DB title:  database/igblast/fasta/ogrdb_mouse_c57bl6_ig_d.fasta
Sequence type: Nucleotide
Deleted existing Nucleotide BLAST database named /Users/uqztuong/Documents/GitHub/dandelion/container/database/igblast/database/ogrdb_mouse_c57bl6_ig_d
Keep MBits: T
Maximum file size: 3000000000B
Adding sequences from FASTA; added 8 sequences in 0.00315118 seconds.



2026-07-02 15:25:02 - INFO:

Building a new DB, current time: 07/02/2026 15:25:02
New DB name:   /Users/uqztuong/Documents/GitHub/dandelion/container/database/igblast/database/ogrdb_mouse_c57bl6_ig_j
New DB title:  database/igblast/fasta/ogrdb_mouse_c57bl6_ig_j.fasta
Sequence type: Nucleotide
Deleted existing Nucleotide BLAST database named /Users/uqztuong/Documents/GitHub/dandelion/container/database/igblast/database/ogrdb_mouse_c57bl6_ig_j
Keep MBits: T
Maximum file size: 3000000000B
Adding sequences from FASTA; added 22 sequences in 0.00292897 seconds.



2026-07-02 15:25:03 - INFO:

Building a new DB, current time: 07/02/2026 15:25:03
New DB name:   /Users/uqztuong/Documents/GitHub/dandelion/container/database/igblast/database/ogrdb_mouse_c57bl6_ig_v
New DB title:  database/igblast/fasta/ogrdb_mouse_c57bl6_ig_v.fasta
Sequence type: Nucleotide
Deleted existing Nucleotide BLAST database named /Users/uqztuong/Documents/GitHub/dandelion/container/database/igblast/database/ogrdb_mouse_c57bl6_ig_v
Keep MBits: T
Maximum file size: 3000000000B
Adding sequences from FASTA; added 196 sequences in 0.00529695 seconds.



2026-07-02 15:25:04 - INFO:

Building a new DB, current time: 07/02/2026 15:25:03
New DB name:   /Users/uqztuong/Documents/GitHub/dandelion/container/database/igblast/database/ogrdb_mouse_ig_c
New DB title:  database/igblast/fasta/ogrdb_mouse_ig_c.fasta
Sequence type: Nucleotide
Deleted existing Nucleotide BLAST database named /Users/uqztuong/Documents/GitHub/dandelion/container/database/igblast/database/ogrdb_mouse_ig_c
Keep MBits: T
Maximum file size: 3000000000B
Adding sequences from FASTA; added 32 sequences in 0.111576 seconds.



2026-07-02 15:25:05 - INFO:

Building a new DB, current time: 07/02/2026 15:25:04
New DB name:   /Users/uqztuong/Documents/GitHub/dandelion/container/database/igblast/database/ogrdb_mouse_ig_d
New DB title:  database/igblast/fasta/ogrdb_mouse_ig_d.fasta
Sequence type: Nucleotide
Deleted existing Nucleotide BLAST database named /Users/uqztuong/Documents/GitHub/dandelion/container/database/igblast/database/ogrdb_mouse_ig_d
Keep MBits: T
Maximum file size: 3000000000B
Adding sequences from FASTA; added 66 sequences in 0.00299191 seconds.



2026-07-02 15:25:06 - INFO:

Building a new DB, current time: 07/02/2026 15:25:05
New DB name:   /Users/uqztuong/Documents/GitHub/dandelion/container/database/igblast/database/ogrdb_mouse_ig_j
New DB title:  database/igblast/fasta/ogrdb_mouse_ig_j.fasta
Sequence type: Nucleotide
Deleted existing Nucleotide BLAST database named /Users/uqztuong/Documents/GitHub/dandelion/container/database/igblast/database/ogrdb_mouse_ig_j
Keep MBits: T
Maximum file size: 3000000000B
Adding sequences from FASTA; added 46 sequences in 0.00350404 seconds.



2026-07-02 15:25:07 - INFO:

Building a new DB, current time: 07/02/2026 15:25:06
New DB name:   /Users/uqztuong/Documents/GitHub/dandelion/container/database/igblast/database/ogrdb_mouse_ig_v
New DB title:  database/igblast/fasta/ogrdb_mouse_ig_v.fasta
Sequence type: Nucleotide
Deleted existing Nucleotide BLAST database named /Users/uqztuong/Documents/GitHub/dandelion/container/database/igblast/database/ogrdb_mouse_ig_v
Keep MBits: T
Maximum file size: 3000000000B
Adding sequences from FASTA; added 2334 sequences in 0.0262921 seconds.



2026-07-02 15:25:07 - INFO:

Building a new DB, current time: 07/02/2026 15:25:07
New DB name:   /Users/uqztuong/Documents/GitHub/dandelion/container/database/igblast/database/ogrdb_mouse_tr_c
New DB title:  database/igblast/fasta/ogrdb_mouse_tr_c.fasta
Sequence type: Nucleotide
Deleted existing Nucleotide BLAST database named /Users/uqztuong/Documents/GitHub/dandelion/container/database/igblast/database/ogrdb_mouse_tr_c
Keep MBits: T
Maximum file size: 3000000000B
Adding sequences from FASTA; added 15 sequences in 0.113026 seconds.



2026-07-02 15:25:07 - INFO: Download finished: 2026-07-02 15:25:07.897874
2026-07-02 15:25:07 - INFO: Total execution time: 0:02:15.062931
